08:51:50 **** Incremental Build of configuration Debug for project 13_EMBEDDED_PIN_READ ****
make -j8 all 
arm-none-eabi-gcc "../Src/main.c" -mcpu=cortex-m4 -std=gnu11 -g3 -DDEBUG -DSTM32 -DSTM32F401RETx -DSTM32F4 -c -I../Inc -O0 -ffunction-sections -fdata-sections -Wall -fstack-usage -fcyclomatic-complexity -MMD -MP -MF"Src/main.d" -MT"Src/main.o" --specs=nano.specs -mfpu=fpv4-sp-d16 -mfloat-abi=hard -mthumb -o "Src/main.o"
arm-none-eabi-gcc -o "13_EMBEDDED_PIN_READ.elf" @"objects.list"   -mcpu=cortex-m4 -T"/home/sleman/_git/C-EMBEDDED-NOTES/13_EMBEDDED_PIN_READ/STM32F401RETX_FLASH.ld" --specs=nosys.specs -Wl,-Map="13_EMBEDDED_PIN_READ.map" -Wl,--gc-sections -static --specs=nano.specs -mfpu=fpv4-sp-d16 -mfloat-abi=hard -mthumb -Wl,--start-group -lc -lm -Wl,--end-group
Finished building target: 13_EMBEDDED_PIN_READ.elf
 
arm-none-eabi-size  13_EMBEDDED_PIN_READ.elf 
arm-none-eabi-objdump -h -S 13_EMBEDDED_PIN_READ.elf  > "13_EMBEDDED_PIN_READ.list"
   text	   data	    bss	    dec	    hex	filename
    812	      8	   1568	   2388	    954	13_EMBEDDED_PIN_READ.elf
Finished building: default.size.stdout
 
Finished building: 13_EMBEDDED_PIN_READ.list
 

08:51:51 Build Finished. 0 errors, 0 warnings. (took 487ms)

