04:59:53 **** Incremental Build of configuration Debug for project 18_EMBEDDED_BIT_FIELDS ****
make -j8 all 
arm-none-eabi-gcc "../Src/main.c" -mcpu=cortex-m4 -std=gnu11 -g3 -DDEBUG -DSTM32 -DSTM32F401RETx -DSTM32F4 -c -I../Inc -O0 -ffunction-sections -fdata-sections -Wall -fstack-usage -fcyclomatic-complexity -MMD -MP -MF"Src/main.d" -MT"Src/main.o" --specs=nano.specs -mfpu=fpv4-sp-d16 -mfloat-abi=hard -mthumb -o "Src/main.o"
arm-none-eabi-gcc -o "18_EMBEDDED_BIT_FIELDS.elf" @"objects.list"   -mcpu=cortex-m4 -T"/home/sleman/_git/C-EMBEDDED-NOTES/18_EMBEDDED_BIT_FIELDS/STM32F401RETX_FLASH.ld" --specs=nosys.specs -Wl,-Map="18_EMBEDDED_BIT_FIELDS.map" -Wl,--gc-sections -static --specs=nano.specs -mfpu=fpv4-sp-d16 -mfloat-abi=hard -mthumb -Wl,--start-group -lc -lm -Wl,--end-group
Finished building target: 18_EMBEDDED_BIT_FIELDS.elf
 
arm-none-eabi-size  18_EMBEDDED_BIT_FIELDS.elf 
arm-none-eabi-objdump -h -S 18_EMBEDDED_BIT_FIELDS.elf  > "18_EMBEDDED_BIT_FIELDS.list"
   text	   data	    bss	    dec	    hex	filename
    776	      8	   1568	   2352	    930	18_EMBEDDED_BIT_FIELDS.elf
Finished building: default.size.stdout
 
Finished building: 18_EMBEDDED_BIT_FIELDS.list
 

04:59:53 Build Finished. 0 errors, 0 warnings. (took 494ms)

